=== O35B KQ-DIRECT STAGE1 SWEEP x3 2026-08-02T00:58:01Z git=1576d8b3 profile=performance ===
  [ws rep1] pp2048_toks = 3466.3
  [ws rep1] pp2048_peak_vram_mib = 22226
  [ws rep1] gen512_prefill_toks = 1658.9
  [ws rep1] gen512_decode_toks = 206.66
  [ws rep1] gen512_argmax_match = 2
  [ws rep1] gen512_peak_vram_mib = 22386
  [ws rep1] prime-gate=none tokens_sha=c0c12c3b350dc7f5 (anchor c0c12c3b350dc7f5)
  [direct rep1] pp2048_toks = 2213.6
  [direct rep1] pp2048_peak_vram_mib = 21714
  [direct rep1] gen512_prefill_toks = 887.8
  [direct rep1] gen512_decode_toks = 209.11
  [direct rep1] gen512_argmax_match = 2
  [direct rep1] gen512_peak_vram_mib = 21426
  [direct rep1] prime-gate=none tokens_sha=c0c12c3b350dc7f5 (anchor c0c12c3b350dc7f5)
  [ws rep2] pp2048_toks = 3460.4
  [ws rep2] pp2048_peak_vram_mib = 22226
  [ws rep2] gen512_prefill_toks = 1662.5
  [ws rep2] gen512_decode_toks = 208.64
  [ws rep2] gen512_argmax_match = 2
  [ws rep2] gen512_peak_vram_mib = 22386
  [ws rep2] prime-gate=none tokens_sha=c0c12c3b350dc7f5 (anchor c0c12c3b350dc7f5)
  [direct rep2] pp2048_toks = 2211.0
  [direct rep2] pp2048_peak_vram_mib = 21714
  [direct rep2] gen512_prefill_toks = 886.8
  [direct rep2] gen512_decode_toks = 208.93
  [direct rep2] gen512_argmax_match = 2
  [direct rep2] gen512_peak_vram_mib = 21426
  [direct rep2] prime-gate=none tokens_sha=c0c12c3b350dc7f5 (anchor c0c12c3b350dc7f5)
  [ws rep3] pp2048_toks = 3457.2
  [ws rep3] pp2048_peak_vram_mib = 22226
  [ws rep3] gen512_prefill_toks = 1665.2
  [ws rep3] gen512_decode_toks = 208.72
  [ws rep3] gen512_argmax_match = 2
  [ws rep3] gen512_peak_vram_mib = 22386
  [ws rep3] prime-gate=none tokens_sha=c0c12c3b350dc7f5 (anchor c0c12c3b350dc7f5)
  [direct rep3] pp2048_toks = 2206.5
  [direct rep3] pp2048_peak_vram_mib = 21714
  [direct rep3] gen512_prefill_toks = 886.2
  [direct rep3] gen512_decode_toks = 208.84
  [direct rep3] gen512_argmax_match = 2
  [direct rep3] gen512_peak_vram_mib = 21426
  [direct rep3] prime-gate=none tokens_sha=c0c12c3b350dc7f5 (anchor c0c12c3b350dc7f5)
STAGE1-SWEEP-DONE 2026-08-02T01:00:48Z
=== O35B KQ-DIRECT STAGE1 SWEEP x3 2026-08-02T01:22:38Z git=2ac63454 profile=performance ===
  [ws rep1] pp2048_toks = 3463.5
  [ws rep1] pp2048_peak_vram_mib = 22226
  [ws rep1] gen512_prefill_toks = 1674.2
  [ws rep1] gen512_decode_toks = 209.20
  [ws rep1] gen512_argmax_match = 2
  [ws rep1] gen512_peak_vram_mib = 22386
  [ws rep1] prime-gate=none tokens_sha=c0c12c3b350dc7f5 (anchor c0c12c3b350dc7f5)
  [direct rep1] pp2048_toks = 4795.2
  [direct rep1] pp2048_peak_vram_mib = 21714
  [direct rep1] gen512_prefill_toks = 3157.0
  [direct rep1] gen512_decode_toks = 209.95
  [direct rep1] gen512_argmax_match = 2
  [direct rep1] gen512_peak_vram_mib = 21426
  [direct rep1] prime-gate=none tokens_sha=c0c12c3b350dc7f5 (anchor c0c12c3b350dc7f5)
  [ws rep2] pp2048_toks = 3464.0
  [ws rep2] pp2048_peak_vram_mib = 22226
  [ws rep2] gen512_prefill_toks = 1667.2
  [ws rep2] gen512_decode_toks = 208.93
  [ws rep2] gen512_argmax_match = 2
  [ws rep2] gen512_peak_vram_mib = 22386
  [ws rep2] prime-gate=none tokens_sha=c0c12c3b350dc7f5 (anchor c0c12c3b350dc7f5)
  [direct rep2] pp2048_toks = 4779.9
  [direct rep2] pp2048_peak_vram_mib = 21714
  [direct rep2] gen512_prefill_toks = 3154.8
  [direct rep2] gen512_decode_toks = 209.79
  [direct rep2] gen512_argmax_match = 2
  [direct rep2] gen512_peak_vram_mib = 21426
  [direct rep2] prime-gate=none tokens_sha=c0c12c3b350dc7f5 (anchor c0c12c3b350dc7f5)
  [ws rep3] pp2048_toks = 3464.0
  [ws rep3] pp2048_peak_vram_mib = 22226
  [ws rep3] gen512_prefill_toks = 1664.1
  [ws rep3] gen512_decode_toks = 208.98
  [ws rep3] gen512_argmax_match = 2
  [ws rep3] gen512_peak_vram_mib = 22386
  [ws rep3] prime-gate=none tokens_sha=c0c12c3b350dc7f5 (anchor c0c12c3b350dc7f5)
  [direct rep3] pp2048_toks = 4777.5
  [direct rep3] pp2048_peak_vram_mib = 21714
  [direct rep3] gen512_prefill_toks = 3155.6
  [direct rep3] gen512_decode_toks = 209.71
  [direct rep3] gen512_argmax_match = 2
  [direct rep3] gen512_peak_vram_mib = 21426
  [direct rep3] prime-gate=none tokens_sha=c0c12c3b350dc7f5 (anchor c0c12c3b350dc7f5)
STAGE1-SWEEP-DONE 2026-08-02T01:24:56Z
=== KAT IQ4XS-MMQ STAGE2 SWEEP x3 2026-08-02T01:34:09Z git=e6cc078b profile=performance ===
  [dp4a rep1] gen512_prefill_toks = 700.2
  [dp4a rep1] gen512_decode_toks = 191.63
  [dp4a rep1] gen512_argmax_match = 2
  [dp4a rep1] gen512_peak_vram_mib = 19150
  [kat dp4a rep1] decision=RESIDENT tokens_sha=9102ffd0b8241a65 (dp4a anchor 9102ffd0b8241a65)
  [dp4a rep1] pp2048_toks = 767.2
  [mmq rep1] gen512_prefill_toks = 2059.2
  [mmq rep1] gen512_decode_toks = 194.57
  [mmq rep1] gen512_argmax_match = 2
  [mmq rep1] gen512_peak_vram_mib = 19150
  [kat mmq rep1] decision=RESIDENT tokens_sha=e5d59ecedc57aa7d (dp4a anchor 9102ffd0b8241a65)
  [mmq rep1] pp2048_toks = 3032.2
  [dp4a rep2] gen512_prefill_toks = 695.9
  [dp4a rep2] gen512_decode_toks = 194.94
  [dp4a rep2] gen512_argmax_match = 2
  [dp4a rep2] gen512_peak_vram_mib = 19150
  [kat dp4a rep2] decision=RESIDENT tokens_sha=9102ffd0b8241a65 (dp4a anchor 9102ffd0b8241a65)
  [dp4a rep2] pp2048_toks = 764.0
  [mmq rep2] gen512_prefill_toks = 2056.5
  [mmq rep2] gen512_decode_toks = 194.11
  [mmq rep2] gen512_argmax_match = 2
  [mmq rep2] gen512_peak_vram_mib = 19150
  [kat mmq rep2] decision=RESIDENT tokens_sha=e5d59ecedc57aa7d (dp4a anchor 9102ffd0b8241a65)
  [mmq rep2] pp2048_toks = 3028.6
  [dp4a rep3] gen512_prefill_toks = 695.4
  [dp4a rep3] gen512_decode_toks = 195.07
  [dp4a rep3] gen512_argmax_match = 2
  [dp4a rep3] gen512_peak_vram_mib = 19150
  [kat dp4a rep3] decision=RESIDENT tokens_sha=9102ffd0b8241a65 (dp4a anchor 9102ffd0b8241a65)
  [dp4a rep3] pp2048_toks = 764.0
  [mmq rep3] gen512_prefill_toks = 2057.5
  [mmq rep3] gen512_decode_toks = 194.02
  [mmq rep3] gen512_argmax_match = 2
  [mmq rep3] gen512_peak_vram_mib = 19150
  [kat mmq rep3] decision=RESIDENT tokens_sha=e5d59ecedc57aa7d (dp4a anchor 9102ffd0b8241a65)
  [mmq rep3] pp2048_toks = 3025.3
STAGE2-SWEEP-DONE 2026-08-02T01:37:18Z
