=== IQ-DIRECT GATES phase=kc 2026-08-02T04:28:45Z git=94155921 profile=performance ===
kernel-check rc=0 FAIL-lines=0 (log /home/avifenesh/projects/bw24-iq-direct/research/iq-direct-loaders-20260802/kernel-check-r1.log)
  f16g-kq-direct [q4_K synth in=512 out=300] hybrid(cross=64,deep-tail) vs workspace: maxdiff=0.00e0 OK (byte-identical)
  f16g-kq-direct [q4_K synth in=512 out=300] all-128 vs workspace: maxdiff=0.00e0 OK (byte-identical)
  f16g-kq-direct [q4_K synth in=512 out=300] all-32-deep-tail vs workspace: maxdiff=0.00e0 OK (byte-identical)
  f16g-kq-direct [q4_K synth in=512 out=300] all-32-legacy-tail vs workspace: maxdiff=0.00e0 OK (byte-identical)
  f16g-kq-direct [q6_K synth in=512 out=300] hybrid(cross=64,deep-tail) vs workspace: maxdiff=0.00e0 OK (byte-identical)
  f16g-kq-direct [q6_K synth in=512 out=300] all-128 vs workspace: maxdiff=0.00e0 OK (byte-identical)
  f16g-kq-direct [q6_K synth in=512 out=300] all-32-deep-tail vs workspace: maxdiff=0.00e0 OK (byte-identical)
  f16g-kq-direct [q6_K synth in=512 out=300] all-32-legacy-tail vs workspace: maxdiff=0.00e0 OK (byte-identical)
  f16g-kq-direct [iq4_xs synth in=512 out=300] hybrid(cross=64,deep-tail) vs workspace: maxdiff=0.00e0 OK (byte-identical)
  f16g-kq-direct [iq4_xs synth in=512 out=300] all-128 vs workspace: maxdiff=0.00e0 OK (byte-identical)
  f16g-kq-direct [iq4_xs synth in=512 out=300] all-32-deep-tail vs workspace: maxdiff=0.00e0 OK (byte-identical)
  f16g-kq-direct [iq4_xs synth in=512 out=300] all-32-legacy-tail vs workspace: maxdiff=0.00e0 OK (byte-identical)
  f16g-kq-direct [iq3_s synth in=512 out=300] hybrid(cross=64,deep-tail) vs workspace: maxdiff=0.00e0 OK (byte-identical)
  f16g-kq-direct [iq3_s synth in=512 out=300] all-128 vs workspace: maxdiff=0.00e0 OK (byte-identical)
  f16g-kq-direct [iq3_s synth in=512 out=300] all-32-deep-tail vs workspace: maxdiff=0.00e0 OK (byte-identical)
  f16g-kq-direct [iq3_s synth in=512 out=300] all-32-legacy-tail vs workspace: maxdiff=0.00e0 OK (byte-identical)
  f16g-kq-direct [blk.0.ffn_gate_exps.weight in=2048 out=512] hybrid(cross=64,deep-tail) vs workspace: maxdiff=0.00e0 OK (byte-identical)
  f16g-kq-direct [blk.0.ffn_gate_exps.weight in=2048 out=512] all-128 vs workspace: maxdiff=0.00e0 OK (byte-identical)
  f16g-kq-direct [blk.0.ffn_gate_exps.weight in=2048 out=512] all-32-deep-tail vs workspace: maxdiff=0.00e0 OK (byte-identical)
  f16g-kq-direct [blk.0.ffn_gate_exps.weight in=2048 out=512] all-32-legacy-tail vs workspace: maxdiff=0.00e0 OK (byte-identical)
  f16g-kq-direct [blk.0.ffn_down_exps.weight in=512 out=2048] hybrid(cross=64,deep-tail) vs workspace: maxdiff=0.00e0 OK (byte-identical)
  f16g-kq-direct [blk.0.ffn_down_exps.weight in=512 out=2048] all-128 vs workspace: maxdiff=0.00e0 OK (byte-identical)
  f16g-kq-direct [blk.0.ffn_down_exps.weight in=512 out=2048] all-32-deep-tail vs workspace: maxdiff=0.00e0 OK (byte-identical)
  f16g-kq-direct [blk.0.ffn_down_exps.weight in=512 out=2048] all-32-legacy-tail vs workspace: maxdiff=0.00e0 OK (byte-identical)
  f16g-kq-direct [blk.0.ffn_gate_exps.weight in=2048 out=512] hybrid(cross=64,deep-tail) vs workspace: maxdiff=0.00e0 OK (byte-identical)
  f16g-kq-direct [blk.0.ffn_gate_exps.weight in=2048 out=512] all-128 vs workspace: maxdiff=0.00e0 OK (byte-identical)
  f16g-kq-direct [blk.0.ffn_gate_exps.weight in=2048 out=512] all-32-deep-tail vs workspace: maxdiff=0.00e0 OK (byte-identical)
  f16g-kq-direct [blk.0.ffn_gate_exps.weight in=2048 out=512] all-32-legacy-tail vs workspace: maxdiff=0.00e0 OK (byte-identical)
  f16g-kq-direct [blk.0.ffn_down_exps.weight in=512 out=2048] hybrid(cross=64,deep-tail) vs workspace: maxdiff=0.00e0 OK (byte-identical)
  f16g-kq-direct [blk.0.ffn_down_exps.weight in=512 out=2048] all-128 vs workspace: maxdiff=0.00e0 OK (byte-identical)
  f16g-kq-direct [blk.0.ffn_down_exps.weight in=512 out=2048] all-32-deep-tail vs workspace: maxdiff=0.00e0 OK (byte-identical)
  f16g-kq-direct [blk.0.ffn_down_exps.weight in=512 out=2048] all-32-legacy-tail vs workspace: maxdiff=0.00e0 OK (byte-identical)
GATES-DONE phase=kc 2026-08-02T04:33:03Z
=== IQ-DIRECT GATES phase=kc 2026-08-02T04:34:58Z git=94155921 profile=performance ===
kernel-check rc=0 FAIL-lines=0 (log /home/avifenesh/projects/bw24-iq-direct/research/iq-direct-loaders-20260802/kernel-check-r1.log)
  f16g-kq-direct [q4_K synth in=512 out=300] hybrid(cross=64,deep-tail) vs workspace: maxdiff=0.00e0 OK (byte-identical)
  f16g-kq-direct [q4_K synth in=512 out=300] all-128 vs workspace: maxdiff=0.00e0 OK (byte-identical)
  f16g-kq-direct [q4_K synth in=512 out=300] all-32-deep-tail vs workspace: maxdiff=0.00e0 OK (byte-identical)
  f16g-kq-direct [q4_K synth in=512 out=300] all-32-legacy-tail vs workspace: maxdiff=0.00e0 OK (byte-identical)
  f16g-kq-direct [q6_K synth in=512 out=300] hybrid(cross=64,deep-tail) vs workspace: maxdiff=0.00e0 OK (byte-identical)
  f16g-kq-direct [q6_K synth in=512 out=300] all-128 vs workspace: maxdiff=0.00e0 OK (byte-identical)
  f16g-kq-direct [q6_K synth in=512 out=300] all-32-deep-tail vs workspace: maxdiff=0.00e0 OK (byte-identical)
  f16g-kq-direct [q6_K synth in=512 out=300] all-32-legacy-tail vs workspace: maxdiff=0.00e0 OK (byte-identical)
  f16g-kq-direct [iq4_xs synth in=512 out=300] hybrid(cross=64,deep-tail) vs workspace: maxdiff=0.00e0 OK (byte-identical)
  f16g-kq-direct [iq4_xs synth in=512 out=300] all-128 vs workspace: maxdiff=0.00e0 OK (byte-identical)
  f16g-kq-direct [iq4_xs synth in=512 out=300] all-32-deep-tail vs workspace: maxdiff=0.00e0 OK (byte-identical)
  f16g-kq-direct [iq4_xs synth in=512 out=300] all-32-legacy-tail vs workspace: maxdiff=0.00e0 OK (byte-identical)
  f16g-kq-direct [iq3_s synth in=512 out=300] hybrid(cross=64,deep-tail) vs workspace: maxdiff=0.00e0 OK (byte-identical)
  f16g-kq-direct [iq3_s synth in=512 out=300] all-128 vs workspace: maxdiff=0.00e0 OK (byte-identical)
  f16g-kq-direct [iq3_s synth in=512 out=300] all-32-deep-tail vs workspace: maxdiff=0.00e0 OK (byte-identical)
  f16g-kq-direct [iq3_s synth in=512 out=300] all-32-legacy-tail vs workspace: maxdiff=0.00e0 OK (byte-identical)
  f16g-kq-direct [blk.0.ffn_gate_exps.weight in=2048 out=512] hybrid(cross=64,deep-tail) vs workspace: maxdiff=0.00e0 OK (byte-identical)
  f16g-kq-direct [blk.0.ffn_gate_exps.weight in=2048 out=512] all-128 vs workspace: maxdiff=0.00e0 OK (byte-identical)
  f16g-kq-direct [blk.0.ffn_gate_exps.weight in=2048 out=512] all-32-deep-tail vs workspace: maxdiff=0.00e0 OK (byte-identical)
  f16g-kq-direct [blk.0.ffn_gate_exps.weight in=2048 out=512] all-32-legacy-tail vs workspace: maxdiff=0.00e0 OK (byte-identical)
  f16g-kq-direct [blk.0.ffn_down_exps.weight in=512 out=2048] hybrid(cross=64,deep-tail) vs workspace: maxdiff=0.00e0 OK (byte-identical)
  f16g-kq-direct [blk.0.ffn_down_exps.weight in=512 out=2048] all-128 vs workspace: maxdiff=0.00e0 OK (byte-identical)
  f16g-kq-direct [blk.0.ffn_down_exps.weight in=512 out=2048] all-32-deep-tail vs workspace: maxdiff=0.00e0 OK (byte-identical)
  f16g-kq-direct [blk.0.ffn_down_exps.weight in=512 out=2048] all-32-legacy-tail vs workspace: maxdiff=0.00e0 OK (byte-identical)
  f16g-kq-direct [q35 blk.0.ffn_gate_exps.weight iq3_s in=2048 out=512] hybrid(cross=64,deep-tail) vs workspace: maxdiff=0.00e0 OK (byte-identical)
  f16g-kq-direct [q35 blk.0.ffn_gate_exps.weight iq3_s in=2048 out=512] all-128 vs workspace: maxdiff=0.00e0 OK (byte-identical)
  f16g-kq-direct [q35 blk.0.ffn_gate_exps.weight iq3_s in=2048 out=512] all-32-deep-tail vs workspace: maxdiff=0.00e0 OK (byte-identical)
  f16g-kq-direct [q35 blk.0.ffn_gate_exps.weight iq3_s in=2048 out=512] all-32-legacy-tail vs workspace: maxdiff=0.00e0 OK (byte-identical)
  f16g-kq-direct [q35 blk.0.ffn_down_exps.weight iq4_xs in=512 out=2048] hybrid(cross=64,deep-tail) vs workspace: maxdiff=0.00e0 OK (byte-identical)
  f16g-kq-direct [q35 blk.0.ffn_down_exps.weight iq4_xs in=512 out=2048] all-128 vs workspace: maxdiff=0.00e0 OK (byte-identical)
  f16g-kq-direct [q35 blk.0.ffn_down_exps.weight iq4_xs in=512 out=2048] all-32-deep-tail vs workspace: maxdiff=0.00e0 OK (byte-identical)
  f16g-kq-direct [q35 blk.0.ffn_down_exps.weight iq4_xs in=512 out=2048] all-32-legacy-tail vs workspace: maxdiff=0.00e0 OK (byte-identical)
GATES-DONE phase=kc 2026-08-02T04:39:15Z
