GPU: NVIDIA GeForce RTX 5090 Laptop GPU
rms_norm     maxdiff=2.38e-7 OK
sigmoid_dot  maxdiff=0.00e0 OK
rms_norm_qkv_w4 (prefill rows) maxdiff=7.15e-7 OK
add_rms_norm fused: res_mismatch=0 norm_mismatch=0 OK
rms_norm_q8_1 fused (nrows=1): q_mismatch=0 d_mismatch=0 OK
rms_norm_q8_1 fused (nrows=5): q_mismatch=0 d_mismatch=0 OK
add_rms_norm_q8_1 fused: res_mismatch=0 q_mismatch=0 d_mismatch=0 OK
add_rms_norm_q8_1 batched (T=2): res_mismatch=0 q_mismatch=0 d_mismatch=0 OK
add_rms_norm_q8_1 batched (T=4): res_mismatch=0 q_mismatch=0 d_mismatch=0 OK
add_rms_norm_q8_1 batched (T=5): res_mismatch=0 q_mismatch=0 d_mismatch=0 OK
add_rms_norm_q8_1 batched (T=8): res_mismatch=0 q_mismatch=0 d_mismatch=0 OK
l2_norm      maxdiff=2.98e-8 OK
rope_neox    maxdiff=1.19e-7 OK
silu_mul     maxdiff=2.98e-8 OK
mask_logits_col: mismatch=0 argmax 458==458 OK (byte-identical)
silu_mul_q8_1 fold: int8_mismatch=0 scale_mismatch=0 OK
silu_mul_q8_1 batched (T=5): int8_mismatch=0 scale_mismatch=0 OK
gated_rmsnorm_q8_1 (T=1): q_mismatch=0 d_mismatch=0 OK
gated_rmsnorm_q8_1 (T=5): q_mismatch=0 d_mismatch=0 OK
iq fused act+quant [silu in_f=768 n_pairs=33]: byte_mismatch=0/38016 OK
iq fused act+quant [silu in_f=512 n_pairs=7]: byte_mismatch=0/4032 OK
iq fused act+quant [gelu in_f=704 n_pairs=29]: byte_mismatch=0/33408 OK
sdpa_naive   maxdiff=1.12e-8 OK
ssm_conv1d   maxdiff=1.49e-8 OK
ssm_conv1d fused: out_mismatch=0 state_mismatch=0 OK
gdn_scan     maxdiff=1.40e-9 OK
gdn_chunked  T=200 C= 32 vs f64-truth: out seq=3.93e-6/chunk=2.19e-5 state seq=9.18e-6/chunk=1.85e-5 OK
gdn_chunked  T=200 C= 64 vs f64-truth: out seq=3.93e-6/chunk=3.44e-5 state seq=9.18e-6/chunk=1.50e-5 OK
gdn_chunked  T=200 C=128 vs f64-truth: out seq=3.93e-6/chunk=4.21e-5 state seq=9.18e-6/chunk=9.56e-5 OK
gdn_chunked  T= 17 C= 64 vs f64-truth: out seq=3.93e-6/chunk=1.97e-5 state seq=1.28e-5/chunk=2.61e-5 OK
gdn_chunked  T=512 C= 64 vs f64-truth: out seq=4.22e-6/chunk=3.50e-5 state seq=1.21e-5/chunk=1.03e-4 OK
qmatvec Q2_K synthetic Stage-A: rel=3.16e-7 OK
(pass a GGUF path to also validate qmatvec vs CPU oracle)
dtype5 [NVFP4] blk.0.ffn_gate.weight (in=4096 out=12288) Stage-A: rel=4.10e-6 OK
dtype5 [NVFP4] blk.0.ffn_gate.weight Stage-B dp4a: rel=5.19e-3 OK
dtype5 [Q5_K] blk.0.attn_gate.weight (in=4096 out=4096) Stage-A: rel=5.66e-7 OK
dtype5 [Q5_K] blk.0.attn_gate.weight Stage-B dp4a: rel=9.88e-4 OK
dtype5 [IQ3_S] blk.0.ffn_gate_exps.weight (in=2048 out=512) Stage-A: rel=1.19e-7 OK
dtype5 [IQ3_S] blk.0.ffn_gate_exps.weight Stage-B dp4a: (no fast path — Stage-A only)
dtype5 [IQ4_XS] blk.0.ffn_down_exps.weight (in=512 out=2048) Stage-A: rel=2.24e-8 OK
dtype5 [IQ4_XS] blk.0.ffn_down_exps.weight Stage-B dp4a: rel=1.09e-4 OK
dtype5 [Q3_K] blk.40.ffn_gate_exps.weight (in=2048 out=512) Stage-A: rel=1.56e-7 OK
dtype5 [Q3_K] blk.40.ffn_gate_exps.weight Stage-B dp4a: rel=6.53e-4 OK
f16g-sk (in=512 out=300 skew 1..300) grid-scan vs oracle: rel=1.73e-6 OK
f16g-sk (in=512 out=300) visitor-hybrid(cross=64,deep-tail) vs grid-scan: maxdiff=0.00e0 OK (byte-identical)
f16g-sk (in=512 out=300) visitor-128 vs grid-scan: maxdiff=0.00e0 OK (byte-identical)
f16g-sk (in=512 out=300) visitor-32-deep-tail vs grid-scan: maxdiff=0.00e0 OK (byte-identical)
f16g-sk (in=512 out=300) visitor-32-legacy-tail vs grid-scan: maxdiff=0.00e0 OK (byte-identical)
f16g-sk-tail (in=512 out=300) deep(64x3st) vs legacy(32x2st): maxdiff=0.00e0 OK (byte-identical)
f16g-sk (in=480 out=192 skew 1..300) grid-scan vs oracle: rel=8.65e-7 OK
f16g-sk (in=480 out=192) visitor-hybrid(cross=64,deep-tail) vs grid-scan: maxdiff=0.00e0 OK (byte-identical)
f16g-sk (in=480 out=192) visitor-128 vs grid-scan: maxdiff=0.00e0 OK (byte-identical)
f16g-sk (in=480 out=192) visitor-32-deep-tail vs grid-scan: maxdiff=0.00e0 OK (byte-identical)
f16g-sk (in=480 out=192) visitor-32-legacy-tail vs grid-scan: maxdiff=0.00e0 OK (byte-identical)
f16g-sk-tail (in=480 out=192) deep(64x3st) vs legacy(32x2st): maxdiff=0.00e0 OK (byte-identical)
f16g-kq-direct [q4_K synth in=512 out=300] hybrid(cross=64,deep-tail) vs workspace: maxdiff=0.00e0 OK (byte-identical)
f16g-kq-direct [q4_K synth in=512 out=300] all-128 vs workspace: maxdiff=0.00e0 OK (byte-identical)
f16g-kq-direct [q4_K synth in=512 out=300] all-32-deep-tail vs workspace: maxdiff=0.00e0 OK (byte-identical)
f16g-kq-direct [q4_K synth in=512 out=300] all-32-legacy-tail vs workspace: maxdiff=0.00e0 OK (byte-identical)
f16g-kq-direct [q6_K synth in=512 out=300] hybrid(cross=64,deep-tail) vs workspace: maxdiff=0.00e0 OK (byte-identical)
f16g-kq-direct [q6_K synth in=512 out=300] all-128 vs workspace: maxdiff=0.00e0 OK (byte-identical)
f16g-kq-direct [q6_K synth in=512 out=300] all-32-deep-tail vs workspace: maxdiff=0.00e0 OK (byte-identical)
f16g-kq-direct [q6_K synth in=512 out=300] all-32-legacy-tail vs workspace: maxdiff=0.00e0 OK (byte-identical)
f16g-kq-direct [iq4_xs synth in=512 out=300] hybrid(cross=64,deep-tail) vs workspace: maxdiff=0.00e0 OK (byte-identical)
f16g-kq-direct [iq4_xs synth in=512 out=300] all-128 vs workspace: maxdiff=0.00e0 OK (byte-identical)
f16g-kq-direct [iq4_xs synth in=512 out=300] all-32-deep-tail vs workspace: maxdiff=0.00e0 OK (byte-identical)
f16g-kq-direct [iq4_xs synth in=512 out=300] all-32-legacy-tail vs workspace: maxdiff=0.00e0 OK (byte-identical)
f16g-kq-direct [iq3_s synth in=512 out=300] hybrid(cross=64,deep-tail) vs workspace: maxdiff=0.00e0 OK (byte-identical)
f16g-kq-direct [iq3_s synth in=512 out=300] all-128 vs workspace: maxdiff=0.00e0 OK (byte-identical)
f16g-kq-direct [iq3_s synth in=512 out=300] all-32-deep-tail vs workspace: maxdiff=0.00e0 OK (byte-identical)
f16g-kq-direct [iq3_s synth in=512 out=300] all-32-legacy-tail vs workspace: maxdiff=0.00e0 OK (byte-identical)
f16g-kq-direct [blk.0.ffn_gate_exps.weight in=2048 out=512] hybrid(cross=64,deep-tail) vs workspace: maxdiff=0.00e0 OK (byte-identical)
f16g-kq-direct [blk.0.ffn_gate_exps.weight in=2048 out=512] all-128 vs workspace: maxdiff=0.00e0 OK (byte-identical)
f16g-kq-direct [blk.0.ffn_gate_exps.weight in=2048 out=512] all-32-deep-tail vs workspace: maxdiff=0.00e0 OK (byte-identical)
f16g-kq-direct [blk.0.ffn_gate_exps.weight in=2048 out=512] all-32-legacy-tail vs workspace: maxdiff=0.00e0 OK (byte-identical)
f16g-kq-direct [blk.0.ffn_down_exps.weight in=512 out=2048] hybrid(cross=64,deep-tail) vs workspace: maxdiff=0.00e0 OK (byte-identical)
f16g-kq-direct [blk.0.ffn_down_exps.weight in=512 out=2048] all-128 vs workspace: maxdiff=0.00e0 OK (byte-identical)
f16g-kq-direct [blk.0.ffn_down_exps.weight in=512 out=2048] all-32-deep-tail vs workspace: maxdiff=0.00e0 OK (byte-identical)
f16g-kq-direct [blk.0.ffn_down_exps.weight in=512 out=2048] all-32-legacy-tail vs workspace: maxdiff=0.00e0 OK (byte-identical)
f16g-kq-direct [q35 blk.0.ffn_gate_exps.weight iq3_s in=2048 out=512] hybrid(cross=64,deep-tail) vs workspace: maxdiff=0.00e0 OK (byte-identical)
f16g-kq-direct [q35 blk.0.ffn_gate_exps.weight iq3_s in=2048 out=512] all-128 vs workspace: maxdiff=0.00e0 OK (byte-identical)
f16g-kq-direct [q35 blk.0.ffn_gate_exps.weight iq3_s in=2048 out=512] all-32-deep-tail vs workspace: maxdiff=0.00e0 OK (byte-identical)
f16g-kq-direct [q35 blk.0.ffn_gate_exps.weight iq3_s in=2048 out=512] all-32-legacy-tail vs workspace: maxdiff=0.00e0 OK (byte-identical)
f16g-kq-direct [q35 blk.0.ffn_down_exps.weight iq4_xs in=512 out=2048] hybrid(cross=64,deep-tail) vs workspace: maxdiff=0.00e0 OK (byte-identical)
f16g-kq-direct [q35 blk.0.ffn_down_exps.weight iq4_xs in=512 out=2048] all-128 vs workspace: maxdiff=0.00e0 OK (byte-identical)
f16g-kq-direct [q35 blk.0.ffn_down_exps.weight iq4_xs in=512 out=2048] all-32-deep-tail vs workspace: maxdiff=0.00e0 OK (byte-identical)
f16g-kq-direct [q35 blk.0.ffn_down_exps.weight iq4_xs in=512 out=2048] all-32-legacy-tail vs workspace: maxdiff=0.00e0 OK (byte-identical)
iq4xs-mmq [synth] T=16: rel=2.43e-7 OK
iq4xs-mmq [synth] T=64: rel=2.39e-7 OK
iq4xs-mmq [synth] T=128: rel=2.38e-7 OK
iq4xs-mmq [synth] T=512: rel=1.70e-4 OK
iq4xs-mmq [token_embd.weight] T=16: rel=3.47e-7 OK
iq4xs-mmq [token_embd.weight] T=64: rel=2.71e-4 OK
iq4xs-mmq [token_embd.weight] T=128: rel=2.69e-4 OK
iq4xs-mmq [token_embd.weight] T=512: rel=2.65e-4 OK
GEMM blk.0.attn_gate.weight [Q5_K] T=16: rel=4.31e-7 OK
GEMM blk.0.attn_gate.weight [Q5_K] T=64: rel=3.75e-7 OK
GEMM blk.0.attn_gate.weight [Q5_K] T=128: rel=3.75e-7 OK
GEMM blk.0.attn_gate.weight [Q5_K] T=512: rel=6.39e-7 OK
GEMM blk.0.ffn_gate.weight [NVFP4] T=16: rel=5.06e-7 OK
GEMM blk.0.ffn_gate.weight [NVFP4] T=64: rel=4.95e-7 OK
GEMM blk.0.ffn_gate.weight [NVFP4] T=128: rel=4.83e-7 OK
GEMM blk.0.ffn_gate.weight [NVFP4] T=512: rel=5.29e-7 OK
FP4-GEMM blk.0.ffn_gate.weight [NVFP4] T=16: rel=9.48e-2 (informational; authoritative gate = argmax) OK
FP4-GEMM blk.0.ffn_gate.weight [NVFP4] T=64: rel=1.48e-1 (informational; authoritative gate = argmax) OK
FP4-GEMM blk.0.ffn_gate.weight [NVFP4] T=128: rel=1.48e-1 (informational; authoritative gate = argmax) OK
FP4-GEMM blk.0.ffn_gate.weight [NVFP4] T=512: rel=1.48e-1 (informational; authoritative gate = argmax) OK
MMQ-GEMM blk.0.ffn_gate.weight [NVFP4] T=16: rel=8.99e-2 (informational; authoritative gate = argmax) OK
MMQ-GEMM-V1 blk.0.ffn_gate.weight [NVFP4] T=16: rel=1.01e-1 (pre-port oracle; two-level/1.12x) IMPROVED
MMQ-GEMM blk.0.ffn_gate.weight [NVFP4] T=64: rel=1.13e-1 (informational; authoritative gate = argmax) OK
MMQ-GEMM-V1 blk.0.ffn_gate.weight [NVFP4] T=64: rel=1.50e-1 (pre-port oracle; two-level/1.33x) IMPROVED
MMQ-GEMM blk.0.ffn_gate.weight [NVFP4] T=128: rel=1.50e-1 (informational; authoritative gate = argmax) OK
MMQ-GEMM-V1 blk.0.ffn_gate.weight [NVFP4] T=128: rel=1.50e-1 (pre-port oracle; two-level/1.00x) WORSE
MMQ-GEMM blk.0.ffn_gate.weight [NVFP4] T=512: rel=1.50e-1 (informational; authoritative gate = argmax) OK
MMQ-GEMM-V1 blk.0.ffn_gate.weight [NVFP4] T=512: rel=1.56e-1 (pre-port oracle; two-level/1.04x) IMPROVED
MMQ-GEMM-DYN blk.0.ffn_gate.weight [NVFP4] T=16: rel=1.37e-1 v1=1.00e0 (7.32x) OK
MMQ-GEMM-DYN blk.0.ffn_gate.weight [NVFP4] T=128: rel=2.17e-1 v1=1.00e0 (4.61x) OK
MMQ-GEMM-RES blk.0.ffn_gate.weight [NVFP4] T=128 k=0: rel=4.28e-2 (baseline, 8 outlier channels @300x)
MMQ-GEMM-RES blk.0.ffn_gate.weight [NVFP4] T=128 k=4: rel=4.17e-2 (1.03x vs k=0) informational OK
MMQ-GEMM-RES blk.0.ffn_gate.weight [NVFP4] T=128 k=8: rel=1.46e-2 (2.93x vs k=0) OK
MMQ-GEMM-RES blk.0.ffn_gate.weight [NVFP4] T=128 k=16: rel=1.47e-2 (2.92x vs k=0) OK
MMQ-GEMM-RES blk.0.ffn_gate.weight [NVFP4] T=128 k=32: rel=1.43e-2 (3.00x vs k=0) OK
MMQ-GEMM-RES blk.0.ffn_gate.weight [NVFP4] T=128 k=64: rel=1.59e-2 (2.69x vs k=0) OK
MMQ-W4A8 blk.0.ffn_gate.weight [NVFP4] T=16: rel=4.19e-3 (int8 band ~1e-3) OK
MMQ-W4A8-RP blk.0.ffn_gate.weight [NVFP4] T=16: bit-mismatch 0/196608 OK
MMQ-W4A8 blk.0.ffn_gate.weight [NVFP4] T=64: rel=4.47e-3 (int8 band ~1e-3) OK
MMQ-W4A8-RP blk.0.ffn_gate.weight [NVFP4] T=64: bit-mismatch 0/786432 OK
MMQ-W4A8 blk.0.ffn_gate.weight [NVFP4] T=128: rel=4.89e-3 (int8 band ~1e-3) OK
MMQ-W4A8-RP blk.0.ffn_gate.weight [NVFP4] T=128: bit-mismatch 0/1572864 OK
MMQ-W4A8 blk.0.ffn_gate.weight [NVFP4] T=512: rel=7.36e-3 (int8 band ~1e-3) OK
MMQ-W4A8-RP blk.0.ffn_gate.weight [NVFP4] T=512: bit-mismatch 0/6291456 OK
MMQ-GEMM blk.3.attn_q.weight [Q4_K] T=16: rel=6.50e-3 OK
MMQ-GEMM blk.3.attn_q.weight [Q4_K] T=64: rel=6.44e-3 OK
MMQ-GEMM blk.3.attn_q.weight [Q4_K] T=128: rel=7.38e-3 OK
MMQ-GEMM blk.3.attn_q.weight [Q4_K] T=512: rel=7.18e-3 OK
MMQ-GEMM blk.0.attn_gate.weight [Q5_K] T=16: rel=6.56e-3 OK
MMQ-GEMM blk.0.attn_gate.weight [Q5_K] T=64: rel=5.26e-3 OK
MMQ-GEMM blk.0.attn_gate.weight [Q5_K] T=128: rel=5.26e-3 OK
MMQ-GEMM blk.0.attn_gate.weight [Q5_K] T=512: rel=5.68e-3 OK
MMQ-Q8_0 blk.0.attn_qkv.weight [Q8_0 in=2048 out=8192] T=16: rel=2.77e-3 OK
MMQ-Q8_0 blk.0.attn_qkv.weight [Q8_0 in=2048 out=8192] T=64: rel=4.26e-3 OK
MMQ-Q8_0 blk.0.attn_qkv.weight [Q8_0 in=2048 out=8192] T=128: rel=4.26e-3 OK
MMQ-Q8_0 blk.0.attn_qkv.weight [Q8_0 in=2048 out=8192] T=512: rel=5.52e-3 OK
MMQ-Q8_0 blk.0.ffn_gate_shexp.weight [Q8_0 in=2048 out=512] T=16: rel=3.64e-3 OK
MMQ-Q8_0 blk.0.ffn_gate_shexp.weight [Q8_0 in=2048 out=512] T=64: rel=3.71e-3 OK
MMQ-Q8_0 blk.0.ffn_gate_shexp.weight [Q8_0 in=2048 out=512] T=128: rel=4.17e-3 OK
MMQ-Q8_0 blk.0.ffn_gate_shexp.weight [Q8_0 in=2048 out=512] T=512: rel=4.18e-3 OK
MMQ-Q4_0 blk.0.attn_q.weight [Q4_0 in=3840 out=4096] T=16: rel=4.04e-3 OK
MMQ-Q4_0-RP blk.0.attn_q.weight T=16: bit-mismatch 0/65536 OK
MMQ-Q4_0-CLC blk.0.attn_q.weight T=16: bit-mismatch 0/65536 OK
MMQ-Q4_0-CLC-RP blk.0.attn_q.weight T=16: bit-mismatch 0/65536 OK
MMQ-Q4_0 blk.0.attn_q.weight [Q4_0 in=3840 out=4096] T=64: rel=4.92e-3 OK
MMQ-Q4_0-RP blk.0.attn_q.weight T=64: bit-mismatch 0/262144 OK
MMQ-Q4_0-CLC blk.0.attn_q.weight T=64: bit-mismatch 0/262144 OK
MMQ-Q4_0-CLC-RP blk.0.attn_q.weight T=64: bit-mismatch 0/262144 OK
MMQ-Q4_0 blk.0.attn_q.weight [Q4_0 in=3840 out=4096] T=128: rel=4.53e-3 OK
MMQ-Q4_0-RP blk.0.attn_q.weight T=128: bit-mismatch 0/524288 OK
MMQ-Q4_0-CLC blk.0.attn_q.weight T=128: bit-mismatch 0/524288 OK
MMQ-Q4_0-CLC-RP blk.0.attn_q.weight T=128: bit-mismatch 0/524288 OK
MMQ-Q4_0 blk.0.attn_q.weight [Q4_0 in=3840 out=4096] T=512: rel=4.01e-3 OK
MMQ-Q4_0-RP blk.0.attn_q.weight T=512: bit-mismatch 0/2097152 OK
MMQ-Q4_0-CLC blk.0.attn_q.weight T=512: bit-mismatch 0/2097152 OK
MMQ-Q4_0-CLC-RP blk.0.attn_q.weight T=512: bit-mismatch 0/2097152 OK
MMQ-Q4_0 blk.0.ffn_gate.weight [Q4_0 in=3840 out=15360] T=16: rel=4.62e-3 OK
MMQ-Q4_0-RP blk.0.ffn_gate.weight T=16: bit-mismatch 0/245760 OK
MMQ-Q4_0-CLC blk.0.ffn_gate.weight T=16: bit-mismatch 0/245760 OK
MMQ-Q4_0-CLC-RP blk.0.ffn_gate.weight T=16: bit-mismatch 0/245760 OK
MMQ-Q4_0 blk.0.ffn_gate.weight [Q4_0 in=3840 out=15360] T=64: rel=4.62e-3 OK
MMQ-Q4_0-RP blk.0.ffn_gate.weight T=64: bit-mismatch 0/983040 OK
MMQ-Q4_0-CLC blk.0.ffn_gate.weight T=64: bit-mismatch 0/983040 OK
MMQ-Q4_0-CLC-RP blk.0.ffn_gate.weight T=64: bit-mismatch 0/983040 OK
MMQ-Q4_0 blk.0.ffn_gate.weight [Q4_0 in=3840 out=15360] T=128: rel=4.49e-3 OK
MMQ-Q4_0-RP blk.0.ffn_gate.weight T=128: bit-mismatch 0/1966080 OK
MMQ-Q4_0-CLC blk.0.ffn_gate.weight T=128: bit-mismatch 0/1966080 OK
MMQ-Q4_0-CLC-RP blk.0.ffn_gate.weight T=128: bit-mismatch 0/1966080 OK
