=== O35B Q4K PREFILL DOOR SWEEP x3 2026-08-01T23:00:11Z git=5cfad376 profile=performance ===
  [mmq rep1] pp2048_toks = 1106.2
  [mmq rep1] pp2048_ntok = 2048
  [mmq rep1] pp2048_peak_vram_mib = 21618
  [mmq rep1] gen512_prefill_toks = 1083.3
  [mmq rep1] gen512_decode_toks = 203.36
  [mmq rep1] gen512_argmax_match = 2
  [mmq rep1] gen512_peak_vram_mib = 21394
  [mmq rep1] decision=RESIDENT prime-gate=none tokens_sha=9c6a3255c4e0ab32
  [f16g1 rep1] pp2048_toks = 3317.6
  [f16g1 rep1] pp2048_ntok = 2048
  [f16g1 rep1] pp2048_peak_vram_mib = 22414
  [f16g1 rep1] gen512_prefill_toks = 1436.3
  [f16g1 rep1] gen512_decode_toks = 210.49
  [f16g1 rep1] gen512_argmax_match = 2
  [f16g1 rep1] gen512_peak_vram_mib = 22532
  [f16g1 rep1] decision=RESIDENT prime-gate=none tokens_sha=cccd0b16ae77175e
  [f16g2 rep1] pp2048_toks = 3456.2
  [f16g2 rep1] pp2048_ntok = 2048
  [f16g2 rep1] pp2048_peak_vram_mib = 22194
  [f16g2 rep1] gen512_prefill_toks = 1662.3
  [f16g2 rep1] gen512_decode_toks = 208.80
  [f16g2 rep1] gen512_argmax_match = 2
  [f16g2 rep1] gen512_peak_vram_mib = 22354
  [f16g2 rep1] decision=RESIDENT prime-gate=none tokens_sha=c0c12c3b350dc7f5
  [mmq rep2] pp2048_toks = 1098.2
  [mmq rep2] pp2048_ntok = 2048
  [mmq rep2] pp2048_peak_vram_mib = 21618
  [mmq rep2] gen512_prefill_toks = 1081.1
  [mmq rep2] gen512_decode_toks = 209.01
  [mmq rep2] gen512_argmax_match = 2
  [mmq rep2] gen512_peak_vram_mib = 21394
  [mmq rep2] decision=RESIDENT prime-gate=none tokens_sha=9c6a3255c4e0ab32
  [f16g1 rep2] pp2048_toks = 3330.1
  [f16g1 rep2] pp2048_ntok = 2048
  [f16g1 rep2] pp2048_peak_vram_mib = 22448
  [f16g1 rep2] gen512_prefill_toks = 1383.7
  [f16g1 rep2] gen512_decode_toks = 210.33
  [f16g1 rep2] gen512_argmax_match = 2
  [f16g1 rep2] gen512_peak_vram_mib = 22488
  [f16g1 rep2] decision=RESIDENT prime-gate=none tokens_sha=cccd0b16ae77175e
  [f16g2 rep2] pp2048_toks = 3450.1
  [f16g2 rep2] pp2048_ntok = 2048
  [f16g2 rep2] pp2048_peak_vram_mib = 22198
  [f16g2 rep2] gen512_prefill_toks = 1662.7
  [f16g2 rep2] gen512_decode_toks = 208.73
  [f16g2 rep2] gen512_argmax_match = 2
  [f16g2 rep2] gen512_peak_vram_mib = 22358
  [f16g2 rep2] decision=RESIDENT prime-gate=none tokens_sha=c0c12c3b350dc7f5
  [mmq rep3] pp2048_toks = 1098.0
  [mmq rep3] pp2048_ntok = 2048
  [mmq rep3] pp2048_peak_vram_mib = 21622
  [mmq rep3] gen512_prefill_toks = 1074.1
  [mmq rep3] gen512_decode_toks = 208.69
  [mmq rep3] gen512_argmax_match = 2
  [mmq rep3] gen512_peak_vram_mib = 21398
  [mmq rep3] decision=RESIDENT prime-gate=none tokens_sha=9c6a3255c4e0ab32
  [f16g1 rep3] pp2048_toks = 3271.9
  [f16g1 rep3] pp2048_ntok = 2048
  [f16g1 rep3] pp2048_peak_vram_mib = 22388
  [f16g1 rep3] gen512_prefill_toks = 1425.6
  [f16g1 rep3] gen512_decode_toks = 210.53
  [f16g1 rep3] gen512_argmax_match = 2
  [f16g1 rep3] gen512_peak_vram_mib = 22524
  [f16g1 rep3] decision=RESIDENT prime-gate=none tokens_sha=cccd0b16ae77175e
  [f16g2 rep3] pp2048_toks = 3453.7
  [f16g2 rep3] pp2048_ntok = 2048
  [f16g2 rep3] pp2048_peak_vram_mib = 22298
  [f16g2 rep3] gen512_prefill_toks = 1655.1
  [f16g2 rep3] gen512_decode_toks = 206.52
  [f16g2 rep3] gen512_argmax_match = 2
  [f16g2 rep3] gen512_peak_vram_mib = 22458
  [f16g2 rep3] decision=RESIDENT prime-gate=none tokens_sha=c0c12c3b350dc7f5
DOOR-SWEEP-DONE 2026-08-01T23:07:30Z
=== O35B F16G2 KNOB SWEEP 2026-08-01T23:10:43Z git=5cfad376 profile=performance ===
